{
  Makes:
  [
    {
      Make: "Chevy",
      Drivers:
      [
        {
          "Name": "Joan Baez",
          "Make": "Chevy",
          "Model": "Corvette",
          "Year": 1956
        }
      ]
    }
  ]
}