{
  Makes:
  [
    {
      Make: "Chevy",
      Drivers:
      [
        {
          Name: "John Smith",
          Model: "Corvette"
        },
        {
          Name: "Mary Anderson",
          Model: "Camaro"
        }
      ]
    },
    {
      Make: "Audi",
      Drivers:
      [
        {
          Name: "William Lee",
          Model: "RS5"
        }
      ]
    }
  ]
}