[
  {
    Make: "Chevy",
    Drivers:
    [
      {
        Name: "John Smith",
        Model: "Corvette"
      },
      {
        Name: "Mary Anderson",
        Model: "Camaro"
      }
    ]
  },
  {
    Make: "Pontiac",
    Drivers:
    [
      {
        Name: "Fred Jones",
        Model: "Firebird"
      },
      {
        Name: "Amanda Ramirez",
        Model: "GTO"
      }
    ]
  },
  {
    Make: "Audi",
    Drivers:
    [
      {
        Name: "William Lee",
        Model: "RS5"
      }
    ]
  }
]
