{
  "PlatoonSergeant":
  {
    "FirstName":   "Carl",
    "LastName":    "Lipton",
    "Rank":        "First Sergeant"
  }
}