{
  "Employees":
  [
    {
      "Name": "Fred Flintstone"
    },
    {
      "Name":  "Barney Rubble"
    }
  ]
}