{
    "Manager": "Fred",
    "FirstName": "Fred",
    "LastName": "Flintstone",
    "Age": 21
}